2026-09-11 11:53:49  СТАРТ 0001_diag - diag all
2026-09-11 11:53:54  ГОТОВО 0001_diag
2026-09-11 11:53:55  СТАРТ 0002_release_dryrun - release -DryRun
2026-09-11 11:54:26  ГОТОВО 0002_release_dryrun
2026-09-11 11:57:01  СТАРТ 0003_diag_rdp - diag rdp
2026-09-11 11:57:03  ГОТОВО 0003_diag_rdp
2026-09-11 11:59:01  СТАРТ 0004_closeexcel - closeexcel
2026-09-11 11:59:02  ГОТОВО 0004_closeexcel
2026-09-11 12:47:00  СТАРТ 0005_diag_session - diag session
2026-09-11 12:47:01  ГОТОВО 0005_diag_session
2026-09-11 12:55:00  СТАРТ 0006_wakescreen - wakescreen
2026-09-11 12:55:01  ГОТОВО 0006_wakescreen
2026-09-11 12:57:01  СТАРТ 0007_screenshot - screenshot
2026-09-11 12:57:01  ГОТОВО 0007_screenshot
2026-09-11 17:41:00  СТАРТ 0008_release - release
2026-09-11 17:43:15  ГОТОВО 0008_release
2026-09-11 17:45:00  СТАРТ 0009_release - release
2026-09-11 17:47:11  ГОТОВО 0009_release
2026-09-11 17:51:01  СТАРТ 0010_release - release
2026-09-11 17:53:23  ГОТОВО 0010_release
2026-09-11 17:57:01  СТАРТ 0011_report - report
2026-09-11 18:00:39  ГОТОВО 0011_report
2026-09-11 18:03:01  СТАРТ 0012_load - load
2026-09-11 18:03:01  ГОТОВО 0012_load
2026-09-11 18:05:01  СТАРТ 0012b_closeexcel - closeexcel
2026-09-11 18:05:02  ГОТОВО 0012b_closeexcel
2026-09-11 18:05:02  СТАРТ 0013_release - release
2026-09-11 18:07:28  ГОТОВО 0013_release
2026-09-11 18:07:28  СТАРТ 0014_report - report
2026-09-11 18:11:22  ГОТОВО 0014_report
2026-09-11 18:11:22  СТАРТ 0015_load - load
2026-09-12 02:41:34  ГОТОВО 0015_load
2026-09-12 02:43:03  ОТКАЗ 0016_screenshot - неизвестная задача: screenshot
2026-09-12 02:43:03  СТАРТ 0017_diag_session - diag session
2026-09-12 02:43:04  ГОТОВО 0017_diag_session
2026-09-12 13:37:00  СТАРТ 0020_installfast - installfast
2026-09-12 13:37:01  ГОТОВО 0020_installfast
2026-09-12 13:37:01  СТАРТ 0021_aikey - aikey
2026-09-12 13:37:01  ГОТОВО 0021_aikey
2026-09-12 13:37:01  СТАРТ 0022_release - release
2026-09-12 13:39:33  ГОТОВО 0022_release
2026-09-12 13:43:00  ОТКАЗ 0030_test - неизвестная задача: nosuchtask
2026-09-12 13:45:00  СТАРТ 0031_rebuild - rebuild
2026-09-12 15:15:14  ГОТОВО 0031_rebuild
