ЗАДАНИЕ 0001_diag
СТРОКА  diag all
НАЧАЛО  2026-09-11 11:53:49

=== RDP ===
Редакция Windows: Майкрософт Windows 10 Корпоративная
Имя компьютера: NDIMPSON
fDenyTSConnections: 0  (0 = RDP разрешён)
Служба TermService: Running
--- слушается ли 3389

LocalAddress LocalPort  State
------------ ---------  -----
::                3389 Listen
0.0.0.0           3389 Listen



--- правила брандмауэра RDP

--- профиль сети (RDP-правила действуют только для своего профиля)

Name               InterfaceAlias    NetworkCategory
----               --------------    ---------------
Maryno.net_13bd_2G Беспроводная сеть         Private



--- адреса

IPAddress       InterfaceAlias                   PrefixOrigin
---------       --------------                   ------------
172.18.176.1    vEthernet (Default Switch)             Manual
169.254.98.183  Подключение по локальной сети 2     WellKnown
169.254.107.92  Подключение по локальной сети* 2    WellKnown
169.254.224.101 Подключение по локальной сети       WellKnown
169.254.146.205 Подключение по локальной сети* 1    WellKnown
169.254.226.185 Ethernet                            WellKnown
192.168.1.112   Беспроводная сеть                        Dhcp



--- последние ошибки RDP в журнале

TimeCreated         ProviderName                             Id
-----------         ------------                             --
09.09.2026 21:36:37 Microsoft-Windows-TPM-WMI              1801
09.09.2026 21:33:44 Service Control Manager                7000
09.09.2026 21:33:44 Service Control Manager                7009
09.09.2026 21:31:36 EventLog                               6008
09.09.2026 21:20:04 Microsoft-Windows-WindowsUpdateClient    20
08.09.2026 0:10:27  Microsoft-Windows-TPM-WMI              1801
08.09.2026 0:07:32  Service Control Manager                7000
08.09.2026 0:07:32  Service Control Manager                7009
08.09.2026 0:05:25  EventLog                               6008
08.09.2026 0:02:28  Service Control Manager                7011
06.09.2026 21:20:39 Microsoft-Windows-DistributedCOM      10010
06.09.2026 21:20:39 Microsoft-Windows-DistributedCOM      10010
06.09.2026 19:48:24 Microsoft-Windows-WindowsUpdateClient    20
05.09.2026 12:17:37 Microsoft-Windows-WindowsUpdateClient    20
03.10.2099 0:02:34  Service Control Manager                7000



=== Окружение ===
PowerShell: 5.1.19041.6456
Пользователь: sdimp
Ключ ИИ в APPDATA: False
Переменная AI_API_KEY задана: False
Excel запущен: True
=== Git ===

Неотправлено коммитов: 8
1183be4 fix(runner): кнопки переименованы в .bat
9cbe8b2 fix(runner): установщик в корень под однозначным именем, снятие переименовано
7fef5d2 feat: помощник tools\jobs - выполнение заданий без участия человека
a34d313 fix: .gitattributes и нормализация переносов строк
0d84fcb chore: заменённые скрипты в tools/archive, правило про дубликаты в rules.md



КОНЕЦ   2026-09-11 11:53:55