ЗАДАНИЕ 0008_release
СТРОКА  release
НАЧАЛО  2026-09-11 17:41:00

--- -NoProfile -ExecutionPolicy Bypass -File D:\GOOGLEDISK\PROJECTs\ReportMTO\install\release.ps1
RELEASE_TARGET D:\GOOGLEDISK\PROJECTs\ReportMTO\ReportMTO.xlsm
RELEASE_VERSION_CURRENT 8.1.0 - версия из install\VERSION
RELEASE_FIRST_RUN - прошлого состояния нет, версия не поднимается, фиксируем текущую
BOOK_VERSION_BEFORE 0.0.0 - версия, которая уже стоит в книге
--- ШАГ 1: установка модулей и запросов
PROD_TARGET D:\GOOGLEDISK\PROJECTs\ReportMTO\ReportMTO.xlsm - цель установки (полный путь)
RUNNING D:\GOOGLEDISK\PROJECTs\ReportMTO\install\install.ps1 - запуск установщика
TARGET D:\GOOGLEDISK\PROJECTs\ReportMTO\ReportMTO.xlsm - цель установки (полный путь)
VBA_DIFF modMain - различается, переустановлен из исходника
  VBA modMain - первое отличие на позиции 1230 (длина исходника 16396, длина в книге 14366), исходник: код символа 56, в книге: код символа 55
VBA_DIFF modContentMTO - различается, переустановлен из исходника
  VBA modContentMTO - первое отличие на позиции 182 (длина исходника 180570, длина в книге 179268), исходник: код символа 50, в книге: код символа 48
VBA_DIFF modContentZone - различается, переустановлен из исходника
  VBA modContentZone - первое отличие на позиции 86 (длина исходника 154346, длина в книге 152524), исходник: код символа 52, в книге: код символа 50
VBA_SAME modContentDisc - совпадает с исходником, пропущен
VBA_SAME modAggregate - совпадает с исходником, пропущен
PQ_SAME fnComputeGroupMetrics - совпадает, пропущен
PQ_SAME qExistingData - совпадает, пропущен
PQ_SAME fnUpsert - совпадает, пропущен
PQ_SKIP qDiagImport - диагностический запрос, не устанавливается
PQ_SAME fnComputeKey - совпадает, пропущен
PQ_SAME fnDedupByKey - совпадает, пропущен
PQ_SAME Query-ImportJSON - совпадает, пропущен
PQ_SAME fnNormalizeFields - совпадает, пропущен
PQ_SAME qKeepWeeks - совпадает, пропущен
VBA_VERIFY_OK modMain - код в книге совпал с исходником
VBA_VERIFY_OK modContentMTO - код в книге совпал с исходником
VBA_VERIFY_OK modContentZone - код в книге совпал с исходником
VBA_VERIFY_OK modContentDisc - код в книге совпал с исходником
VBA_VERIFY_OK modAggregate - код в книге совпал с исходником
PQ_VERIFY_OK fnComputeGroupMetrics - формула в книге совпала с исходником
PQ_VERIFY_OK qExistingData - формула в книге совпала с исходником
PQ_VERIFY_OK fnUpsert - формула в книге совпала с исходником
PQ_VERIFY_OK fnComputeKey - формула в книге совпала с исходником
PQ_VERIFY_OK fnDedupByKey - формула в книге совпала с исходником
PQ_VERIFY_OK Query-ImportJSON - формула в книге совпала с исходником
PQ_VERIFY_OK fnNormalizeFields - формула в книге совпала с исходником
PQ_VERIFY_OK qKeepWeeks - формула в книге совпала с исходником
TPL_SAME tmp_index.html - совпадает, пропущен
TPL_VERIFY_OK tmp_index.html - шаблон рядом с книгой совпал с исходником
VERIFY_OK D:\GOOGLEDISK\PROJECTs\ReportMTO\ReportMTO.xlsm - ПРОВЕРКА ПРОЙДЕНА: все модули, запросы и шаблон совпали с исходниками
PATCHED D:\GOOGLEDISK\PROJECTs\ReportMTO\ReportMTO.xlsm - книга обработана
DONE 1 - обработано книг: 1
INSTALL_EXIT 0 - код возврата установщика
PROD_OK - установка выполнена и подтверждена проверкой
--- ШАГ 2: компиляция VBA
COMPILE_OK D:\GOOGLEDISK\PROJECTs\ReportMTO\ReportMTO.xlsm - HasColumn returned False
--- ШАГ 3: версия и миграции в книге
BOOK_VERSION 0.0.0 - версия, записанная в книге до этого прогона
MIG_RUN 8.1.0__variable_keys.ps1 - применяем
BOOK_ERROR Unable to cast object of type 'System.Int32' to type 'System.String'.
RELEASE_FAIL модули установлены, но версия/миграции в книгу не записаны - смотрите BOOK_ERROR выше

EXITCODE 1


КОНЕЦ   2026-09-11 17:43:15