ЗАДАНИЕ 0017_diag_session
СТРОКА  diag session
НАЧАЛО  2026-09-12 02:43:03

=== Сеанс и удалённый доступ ===
--- сеансы Windows (Active = есть что захватывать, Disc = сеанс отключён)
 SESSIONNAME       USERNAME                 ID  STATE   TYPE        DEVICE 
 services                                    0  Disc                        
>console           sdimp                     1  Active                      
 31c5ce94259d4...                        65536  Listen                      
 rdp-tcp                                 65537  Listen                      

--- процессы RustDesk

   Id ProcessName StartTime          
   -- ----------- ---------          
 6308 rustdesk    11.09.2026 12:07:07
17940 rustdesk                       
19008 rustdesk    11.09.2026 12:07:09
19060 rustdesk                       



--- служба RustDesk (без неё нет картинки на заблокированном экране)

Name      Status StartType
----      ------ ---------
RustDesk Running Automatic



--- рабочий стол заблокирован?
LogonUI запущен (экран блокировки): False
--- мониторы

Name                      VideoModeDescription            Status
----                      --------------------            ------
Intel(R) HD Graphics 4600 Цвета: 1920 x 1080 x 4294967296 OK    
NVIDIA GeForce GTX 850M   Цвета: 1280 x 720 x 4294967296  OK    





КОНЕЦ   2026-09-12 02:43:04