2026-09-12 13:45:00  REBUILD_START файлов: 5
2026-09-12 13:45:00  копирую книгу в bak (52 МБ)
2026-09-12 13:45:01  копия готова: D:\GOOGLEDISK\PROJECTs\ReportMTO\bak\ReportMTO.xlsm.before_rebuild_20260912_134500
2026-09-12 13:45:02  открываю книгу
2026-09-12 13:45:23  строк до пересборки: 255148
2026-09-12 13:45:23  очищаю tbDATA
2026-09-12 13:45:25  после очистки строк: 0
2026-09-12 13:45:25  источник = папка D:\GOOGLEDISK\PROJECTs\ReportMTO\data; запускаю обновление
2026-09-12 13:46:06      идёт 1 мин
2026-09-12 13:47:06      идёт 2 мин
2026-09-12 13:48:06      идёт 3 мин
2026-09-12 13:49:06      идёт 4 мин
2026-09-12 13:50:06      идёт 5 мин
2026-09-12 13:51:06      идёт 6 мин
2026-09-12 13:52:06      идёт 7 мин
2026-09-12 13:53:06      идёт 8 мин
2026-09-12 13:54:06      идёт 9 мин
2026-09-12 13:55:06      идёт 10 мин
2026-09-12 13:56:07      идёт 11 мин
2026-09-12 13:57:07      идёт 12 мин
2026-09-12 13:58:07      идёт 13 мин
2026-09-12 13:59:07      идёт 14 мин
2026-09-12 14:00:07      идёт 15 мин
2026-09-12 14:01:07      идёт 16 мин
2026-09-12 14:02:07      идёт 17 мин
2026-09-12 14:03:07      идёт 18 мин
2026-09-12 14:04:08      идёт 19 мин
2026-09-12 14:05:09      идёт 20 мин
2026-09-12 14:06:09      идёт 21 мин
2026-09-12 14:07:09      идёт 22 мин
2026-09-12 14:08:09      идёт 23 мин
2026-09-12 14:09:09      идёт 24 мин
2026-09-12 14:10:09      идёт 25 мин
2026-09-12 14:11:09      идёт 26 мин
2026-09-12 14:12:09      идёт 27 мин
2026-09-12 14:13:10      идёт 28 мин
2026-09-12 14:14:10      идёт 29 мин
2026-09-12 14:15:10      идёт 30 мин
2026-09-12 14:16:10      идёт 31 мин
2026-09-12 14:17:10      идёт 32 мин
2026-09-12 14:18:10      идёт 33 мин
2026-09-12 14:19:10      идёт 34 мин
2026-09-12 14:20:10      идёт 35 мин
2026-09-12 14:21:10      идёт 36 мин
2026-09-12 14:22:10      идёт 37 мин
2026-09-12 14:23:10      идёт 38 мин
2026-09-12 14:24:10      идёт 39 мин
2026-09-12 14:25:10      идёт 40 мин
2026-09-12 14:26:10      идёт 41 мин
2026-09-12 14:27:10      идёт 42 мин
2026-09-12 14:28:11      идёт 43 мин
2026-09-12 14:29:11      идёт 44 мин
2026-09-12 14:30:11      идёт 45 мин
2026-09-12 14:31:11      идёт 46 мин
2026-09-12 14:32:11      идёт 47 мин
2026-09-12 14:33:11      идёт 48 мин
2026-09-12 14:34:11      идёт 49 мин
2026-09-12 14:35:11      идёт 50 мин
2026-09-12 14:36:11      идёт 51 мин
2026-09-12 14:37:11      идёт 52 мин
2026-09-12 14:38:11      идёт 53 мин
2026-09-12 14:39:11      идёт 54 мин
2026-09-12 14:40:11      идёт 55 мин
2026-09-12 14:41:11      идёт 56 мин
2026-09-12 14:42:11      идёт 57 мин
2026-09-12 14:43:11      идёт 58 мин
2026-09-12 14:44:11      идёт 59 мин
2026-09-12 14:45:11      идёт 60 мин
2026-09-12 14:46:11      идёт 61 мин
2026-09-12 14:47:11      идёт 62 мин
2026-09-12 14:48:11      идёт 63 мин
2026-09-12 14:49:11      идёт 64 мин
2026-09-12 14:50:11      идёт 65 мин
2026-09-12 14:51:11      идёт 66 мин
2026-09-12 14:52:12      идёт 67 мин
2026-09-12 14:53:12      идёт 68 мин
2026-09-12 14:54:12      идёт 69 мин
2026-09-12 14:55:12      идёт 70 мин
2026-09-12 14:56:12      идёт 71 мин
2026-09-12 14:57:12      идёт 72 мин
2026-09-12 14:58:12      идёт 73 мин
2026-09-12 14:59:12      идёт 74 мин
2026-09-12 15:00:12      идёт 75 мин
2026-09-12 15:01:12      идёт 76 мин
2026-09-12 15:02:12      идёт 77 мин
2026-09-12 15:03:12      идёт 78 мин
2026-09-12 15:04:12      идёт 79 мин
2026-09-12 15:05:12      идёт 80 мин
2026-09-12 15:06:12      идёт 81 мин
2026-09-12 15:07:12      идёт 82 мин
2026-09-12 15:08:12      идёт 83 мин
2026-09-12 15:09:12      идёт 84 мин
2026-09-12 15:10:12      идёт 85 мин
2026-09-12 15:11:12      идёт 86 мин
2026-09-12 15:12:12      идёт 87 мин
2026-09-12 15:13:12      идёт 88 мин
2026-09-12 15:14:12      идёт 89 мин
2026-09-12 15:15:12      идёт 90 мин
2026-09-12 15:15:12      ПРЕДЕЛ 90 мин - отменяю
2026-09-12 15:15:12  REBUILD_FAIL по пределу времени; книга НЕ сохранена, данные можно вернуть из bak
