21:57:40  RUN_START book=D:\GOOGLEDISK\PROJECTs\ReportMTO\ReportMTO.xlsm
21:57:40  STEP1/STEP2 SKIP (-SkipBuild)
21:57:40  STEP3 install into the production workbook
PROD_TARGET D:\GOOGLEDISK\PROJECTs\ReportMTO\ReportMTO.xlsm - цель установки (полный путь)
RUNNING D:\GOOGLEDISK\PROJECTs\ReportMTO\install\install.ps1 - запуск установщика
TARGET D:\GOOGLEDISK\PROJECTs\ReportMTO\ReportMTO.xlsm - цель установки (полный путь)
VBA_DIFF modMain - различается, переустановлен из исходника
  VBA modMain - первое отличие на позиции 2781 (длина исходника 14366, длина в книге 14381), исходник: код символа 111, в книге: код символа 115
VBA_DIFF modContentMTO - различается, переустановлен из исходника
  VBA modContentMTO - первое отличие на позиции 11510 (длина исходника 179268, длина в книге 179377), исходник: код символа 32, в книге: код символа 10
VBA_SAME modContentZone - совпадает с исходником, пропущен
VBA_SAME modContentDisc - совпадает с исходником, пропущен
VBA_SAME modAggregate - совпадает с исходником, пропущен
PQ_SAME fnComputeGroupMetrics - совпадает, пропущен
PQ_SAME qExistingData - совпадает, пропущен
PQ_SAME fnUpsert - совпадает, пропущен
PQ_SKIP qDiagImport - диагностический запрос, не устанавливается
PQ_SAME fnComputeKey - совпадает, пропущен
PQ_SAME fnDedupByKey - совпадает, пропущен
PQ_SAME Query-ImportJSON - совпадает, пропущен
PQ_SAME fnNormalizeFields - совпадает, пропущен
PQ_SAME qKeepWeeks - совпадает, пропущен
VBA_VERIFY_OK modMain - код в книге совпал с исходником
VBA_VERIFY_OK modContentMTO - код в книге совпал с исходником
VBA_VERIFY_OK modContentZone - код в книге совпал с исходником
VBA_VERIFY_OK modContentDisc - код в книге совпал с исходником
VBA_VERIFY_OK modAggregate - код в книге совпал с исходником
PQ_VERIFY_OK fnComputeGroupMetrics - формула в книге совпала с исходником
PQ_VERIFY_OK qExistingData - формула в книге совпала с исходником
PQ_VERIFY_OK fnUpsert - формула в книге совпала с исходником
PQ_VERIFY_OK fnComputeKey - формула в книге совпала с исходником
PQ_VERIFY_OK fnDedupByKey - формула в книге совпала с исходником
PQ_VERIFY_OK Query-ImportJSON - формула в книге совпала с исходником
PQ_VERIFY_OK fnNormalizeFields - формула в книге совпала с исходником
PQ_VERIFY_OK qKeepWeeks - формула в книге совпала с исходником
TPL_SAME tmp_index.html - совпадает, пропущен
TPL_VERIFY_OK tmp_index.html - шаблон рядом с книгой совпал с исходником
VERIFY_OK D:\GOOGLEDISK\PROJECTs\ReportMTO\ReportMTO.xlsm - ПРОВЕРКА ПРОЙДЕНА: все модули, запросы и шаблон совпали с исходниками
PATCHED D:\GOOGLEDISK\PROJECTs\ReportMTO\ReportMTO.xlsm - книга обработана
DONE 1 - обработано книг: 1
INSTALL_EXIT 0 - код возврата установщика
PROD_OK - установка выполнена и подтверждена проверкой
21:58:28  OPENED
21:58:32  ROWS_START 136108
21:58:32  STEP4 load 5 json file(s)
22:27:16  EXCEPTION Исключение из HRESULT: 0x80040E4E
22:27:18  DONE_FAIL see markers above
